// Jest Snapshot v1, https://goo.gl/fbAQLP

exports[`New Email Header tests renders new-email-header correctly 1`] = `
<DocumentFragment>
  <div
    class="new-email-title-wrapper h-16 w-full flex items-center px-6 h6 justify-between"
  >
    <div
      class="w-1/2 new-email-title"
    >
      email.new_email.title
    </div>
    <div
      class="flex justify-end w-1/2 cursor-pointer"
    >
      <div
        class=""
      >
        <svg
          class="icon-medium "
          data-testid="go-back"
          height="24"
          viewBox="0 0 24 24"
          width="24"
          xmlns="http://www.w3.org/2000/svg"
        >
          <rect
            fill="none"
            height="24"
            width="24"
          />
          <path
            class="white-icon"
            d="M16,1.409,14.591,0,8,6.566,1.409,0,0,1.409,6.566,8,0,14.591,1.409,16,8,9.434,14.591,16,16,14.591,9.434,8Z"
            transform="translate(4 4)"
          />
        </svg>
      </div>
    </div>
  </div>
</DocumentFragment>
`;
