// Jest Snapshot v1, https://goo.gl/fbAQLP

exports[`MedicalRecordsPreview tests renders MedicalRecordsPreview correctly 1`] = `
<DocumentFragment>
  <div />
</DocumentFragment>
`;

exports[`MedicalRecordsPreview tests renders MedicalRecordsPreview error 1`] = `
<DocumentFragment>
  <div
    class="flex flex-col space-y-4 items-center h-full w-full justify-center undefined"
  >
    <div>
      <div
        class=""
      >
        <svg
          class="spinner icon-large-40 "
          viewBox="0 0 40 40"
        >
          <circle
            class="path"
            cx="20"
            cy="20"
            fill="none"
            r="16"
            stroke-width="4"
          />
        </svg>
      </div>
    </div>
  </div>
</DocumentFragment>
`;
