// Jest Snapshot v1, https://goo.gl/fbAQLP

exports[`CancellationReasonConfig tests renders CancellationReasonConfig correctly 1`] = `
<DocumentFragment>
  <div
    class="px-6 pt-7 flex flex-1 flex-col group overflow-y-auto"
  >
    <h6
      class="pb-7"
    >
      configuration.cancellation_reason.title
    </h6>
    <div
      class="body2 whitespace-pre-line pb-14"
    >
      configuration.cancellation_reason.description
    </div>
    <div
      class="h-12 px-4 cancellation-reason-list-grid head-row caption-caps"
    >
      <div
        class="truncate relative w-full h-full inline-block"
      >
        <div
          class=""
        >
          configuration.cancellation_reason.grid_id
        </div>
      </div>
      <div
        class="truncate relative w-full h-full inline-block"
      >
        <div
          class=""
        >
          configuration.cancellation_reason.grid_name
        </div>
      </div>
      <div
        class="truncate relative w-full h-full inline-block"
      >
        <div
          class=""
        >
          configuration.cancellation_reason.grid_description
        </div>
      </div>
      <div />
    </div>
    <div
      class="flex flex-col space-y-4 items-center justify-center px-2"
    >
      <div>
        <div
          class=""
        >
          <svg
            class="spinner icon-medium "
            viewBox="0 0 40 40"
          >
            <circle
              class="path"
              cx="20"
              cy="20"
              fill="none"
              r="16"
              stroke-width="4"
            />
          </svg>
        </div>
      </div>
    </div>
  </div>
</DocumentFragment>
`;
