// Jest Snapshot v1, https://goo.gl/fbAQLP

exports[`DaySlot tests renders AppointmentTableItem correctly 1`] = `
<DocumentFragment>
  <div
    class="pt-1"
  >
    <div
      class="grid grid-flow-row p-2 auto-rows-max md:auto-rows-min"
    >
      <div
        class="pb-4 cursor-pointer md:w-full"
      >
        <div
          class="flex flex-row flex-col items-center justify-center w-56 h-12 px-4 day-slot reschedule-slot md:w-80 lg:w-32"
        >
          <div
            class="body2"
          >
            Invalid Date
          </div>
        </div>
      </div>
      <div
        class="pb-4 cursor-pointer md:w-full"
      >
        <div
          class="flex flex-row flex-col items-center justify-center w-56 h-12 px-4 day-slot reschedule-slot md:w-80 lg:w-32"
        >
          <div
            class="body2"
          >
            Invalid Date
          </div>
        </div>
      </div>
      <div
        class="pb-4 cursor-pointer md:w-full"
      >
        <div
          class="flex flex-row flex-col items-center justify-center w-56 h-12 px-4 day-slot reschedule-slot md:w-80 lg:w-32"
        >
          <div
            class="body2"
          >
            Invalid Date
          </div>
        </div>
      </div>
      <div
        class="pb-4 cursor-pointer md:w-full"
      >
        <div
          class="flex flex-row flex-col items-center justify-center w-56 h-12 px-4 day-slot reschedule-slot md:w-80 lg:w-32"
        >
          <div
            class="body2"
          >
            Invalid Date
          </div>
        </div>
      </div>
      <div
        class="pb-4 cursor-pointer md:w-full"
      >
        <div
          class="flex flex-row flex-col items-center justify-center w-56 h-12 px-4 day-slot reschedule-slot md:w-80 lg:w-32"
        >
          <div
            class="body2"
          >
            Invalid Date
          </div>
        </div>
      </div>
      <div
        class="pb-4 cursor-pointer md:w-full"
      >
        <div
          class="flex flex-row flex-col items-center justify-center w-56 h-12 px-4 day-slot reschedule-slot md:w-80 lg:w-32"
        >
          <div
            class="body2"
          >
            Invalid Date
          </div>
        </div>
      </div>
      <div
        class="pb-4 cursor-pointer md:w-full"
      >
        <div
          class="flex flex-row flex-col items-center justify-center w-56 h-12 px-4 day-slot reschedule-slot md:w-80 lg:w-32"
        >
          <div
            class="body2"
          >
            Invalid Date
          </div>
        </div>
      </div>
      <div
        class="pb-4 cursor-pointer md:w-full"
      >
        <div
          class="flex flex-row flex-col items-center justify-center w-56 h-12 px-4 day-slot reschedule-slot md:w-80 lg:w-32"
        >
          <div
            class="body2"
          >
            Invalid Date
          </div>
        </div>
      </div>
    </div>
  </div>
</DocumentFragment>
`;

exports[`DaySlot tests renders AppointmentTableItem correctly with 7 1`] = `
<DocumentFragment>
  <div
    class="pt-1"
  >
    <div
      class="grid grid-flow-row p-2 auto-rows-max md:auto-rows-min"
    >
      <div
        class="pb-4 cursor-pointer md:w-full"
      >
        <div
          class="flex flex-row flex-col items-center justify-center w-56 h-12 px-4 day-slot reschedule-slot md:w-80 lg:w-32"
        >
          <div
            class="body2"
          >
            Invalid Date
          </div>
        </div>
      </div>
      <div
        class="pb-4 cursor-pointer md:w-full"
      >
        <div
          class="flex flex-row flex-col items-center justify-center w-56 h-12 px-4 day-slot reschedule-slot md:w-80 lg:w-32"
        >
          <div
            class="body2"
          >
            Invalid Date
          </div>
        </div>
      </div>
      <div
        class="pb-4 cursor-pointer md:w-full"
      >
        <div
          class="flex flex-row flex-col items-center justify-center w-56 h-12 px-4 day-slot reschedule-slot md:w-80 lg:w-32"
        >
          <div
            class="body2"
          >
            Invalid Date
          </div>
        </div>
      </div>
      <div
        class="pb-4 cursor-pointer md:w-full"
      >
        <div
          class="flex flex-row flex-col items-center justify-center w-56 h-12 px-4 day-slot reschedule-slot md:w-80 lg:w-32"
        >
          <div
            class="body2"
          >
            Invalid Date
          </div>
        </div>
      </div>
      <div
        class="pb-4 cursor-pointer md:w-full"
      >
        <div
          class="flex flex-row flex-col items-center justify-center w-56 h-12 px-4 day-slot reschedule-slot md:w-80 lg:w-32"
        >
          <div
            class="body2"
          >
            Invalid Date
          </div>
        </div>
      </div>
      <div
        class="pb-4 cursor-pointer md:w-full"
      >
        <div
          class="flex flex-row flex-col items-center justify-center w-56 h-12 px-4 day-slot reschedule-slot md:w-80 lg:w-32"
        >
          <div
            class="body2"
          >
            Invalid Date
          </div>
        </div>
      </div>
      <div
        class="pb-4 cursor-pointer md:w-full"
      >
        <div
          class="flex flex-row flex-col items-center justify-center w-56 h-12 px-4 day-slot reschedule-slot md:w-80 lg:w-32"
        >
          <div
            class="body2"
          >
            Invalid Date
          </div>
        </div>
      </div>
    </div>
  </div>
</DocumentFragment>
`;

exports[`DaySlot tests renders AppointmentTableItem correctly with 8 1`] = `
<DocumentFragment>
  <div
    class="pt-1"
  >
    <div
      class="grid grid-flow-row p-2 auto-rows-max md:auto-rows-min"
    >
      <div
        class="pb-4 cursor-pointer md:w-full"
      >
        <div
          class="flex flex-row flex-col items-center justify-center w-56 h-12 px-4 day-slot reschedule-slot md:w-80 lg:w-32"
        >
          <div
            class="body2"
          >
            Invalid Date
          </div>
        </div>
      </div>
      <div
        class="pb-4 cursor-pointer md:w-full"
      >
        <div
          class="flex flex-row flex-col items-center justify-center w-56 h-12 px-4 day-slot reschedule-slot md:w-80 lg:w-32"
        >
          <div
            class="body2"
          >
            Invalid Date
          </div>
        </div>
      </div>
      <div
        class="pb-4 cursor-pointer md:w-full"
      >
        <div
          class="flex flex-row flex-col items-center justify-center w-56 h-12 px-4 day-slot reschedule-slot md:w-80 lg:w-32"
        >
          <div
            class="body2"
          >
            Invalid Date
          </div>
        </div>
      </div>
      <div
        class="pb-4 cursor-pointer md:w-full"
      >
        <div
          class="flex flex-row flex-col items-center justify-center w-56 h-12 px-4 day-slot reschedule-slot md:w-80 lg:w-32"
        >
          <div
            class="body2"
          >
            Invalid Date
          </div>
        </div>
      </div>
      <div
        class="pb-4 cursor-pointer md:w-full"
      >
        <div
          class="flex flex-row flex-col items-center justify-center w-56 h-12 px-4 day-slot reschedule-slot md:w-80 lg:w-32"
        >
          <div
            class="body2"
          >
            Invalid Date
          </div>
        </div>
      </div>
      <div
        class="pb-4 cursor-pointer md:w-full"
      >
        <div
          class="flex flex-row flex-col items-center justify-center w-56 h-12 px-4 day-slot reschedule-slot md:w-80 lg:w-32"
        >
          <div
            class="body2"
          >
            Invalid Date
          </div>
        </div>
      </div>
      <div
        class="pb-4 cursor-pointer md:w-full"
      >
        <div
          class="flex flex-row flex-col items-center justify-center w-56 h-12 px-4 day-slot reschedule-slot md:w-80 lg:w-32"
        >
          <div
            class="body2"
          >
            Invalid Date
          </div>
        </div>
      </div>
      <div
        class="pb-4 cursor-pointer md:w-full"
      >
        <div
          class="flex flex-row flex-col items-center justify-center w-56 h-12 px-4 day-slot reschedule-slot md:w-80 lg:w-32"
        >
          <div
            class="body2"
          >
            Invalid Date
          </div>
        </div>
      </div>
    </div>
  </div>
</DocumentFragment>
`;

exports[`DaySlot tests renders AppointmentTableItem correctly with null 1`] = `
<DocumentFragment>
  <div
    class="flex justify-center w-56 p-2 mx-2 md:w-80 reschedule-slot"
  >
    <p
      class="w-24 body3-small"
    >
      external_access.schedule_appointment.no_open_slot
    </p>
  </div>
</DocumentFragment>
`;
