// Jest Snapshot v1, https://goo.gl/fbAQLP

exports[`AppointmentReminders tests renders AppointmentReminders correctly 1`] = `
<DocumentFragment>
  <div
    class="w-10/12 overflow-auto h-full p-6 pr-4"
  >
    <h5
      class="pb-6"
    >
      configuration.appointment_reminders.title
    </h5>
    <div
      class="flex flex-col space-y-4 items-center justify-center undefined"
    >
      <div>
        <div
          class=""
        >
          <svg
            class="spinner icon-medium "
            viewBox="0 0 40 40"
          >
            <circle
              class="path"
              cx="20"
              cy="20"
              fill="none"
              r="16"
              stroke-width="4"
            />
          </svg>
        </div>
      </div>
    </div>
  </div>
</DocumentFragment>
`;
