// Jest Snapshot v1, https://goo.gl/fbAQLP

exports[`Ticket List tests renders ticket-list correctly 1`] = `
<DocumentFragment>
  <div
    class="flex flex-auto h-full"
  >
    <div
      class="hidden"
    >
      <div
        class="min-h-full px-6 pb-20 bg-secondary-100 relative pt-4"
      >
        <div
          class="py-4 subtitle"
        >
          tickets.filter.filter_tickets
        </div>
        <div
          class="flex flex-row pb-3"
        >
          <button
            class="small-button cursor-pointer mr-4"
            data-test-id="apply-button"
            type="button"
          >
            <div
              class="flex flex-row justify-center items-center space-x-2"
            >
              <div>
                tickets.filter.fetch
              </div>
            </div>
          </button>
          <button
            class="secondary-button cursor-pointer"
            data-test-id="reset-all-button"
            type="button"
          >
            <div
              class="flex flex-row justify-center items-center space-x-2"
            >
              <div>
                tickets.filter.reset_all
              </div>
            </div>
          </button>
        </div>
        <form
          id="myForm"
        >
          <div>
            <div
              class="cursor-pointer flex flex-row justify-between items-center h-12"
            >
              <div
                class="subtitle"
              >
                tickets.filter.statuses
              </div>
              <div>
                <div
                  class=""
                >
                  <svg
                    class="cursor-pointer "
                    height="24"
                    viewBox="0 0 24 24"
                    width="24"
                    xmlns="http://www.w3.org/2000/svg"
                  >
                    <rect
                      fill="none"
                      height="24"
                      width="24"
                    />
                    <path
                      class="active-item-icon"
                      d="M7,14l1.273-1.273L2.545,7,8.273,1.273,7,0,0,7Z"
                      transform="translate(5 16.273) rotate(-90)"
                    />
                  </svg>
                </div>
              </div>
            </div>
            <div
              hidden=""
            >
              <div>
                <div
                  class="h-9"
                >
                  <label
                    class="flex flex-row items-center checkbox-button"
                  >
                    <input
                      checked=""
                      class="checkbox"
                      data-test-id="statuses-checkbox-0"
                      id="statuses[0]_0"
                      name="statuses[0]"
                      type="checkbox"
                    />
                    <span
                      class="checkbox-control"
                    >
                      <div
                        class=""
                      >
                        <svg
                          class="icon-medium "
                          height="24"
                          viewBox="0 0 24 24"
                          width="24"
                          xmlns="http://www.w3.org/2000/svg"
                        >
                          <rect
                            fill="none"
                            height="24"
                            width="24"
                          />
                          <path
                            class="svg-checkbox"
                            d="M16,18H2a2,2,0,0,1-2-2V2A2,2,0,0,1,2,0H16a2,2,0,0,1,2,2V16A2,2,0,0,1,16,18ZM3.41,7.59h0L2,9l5,5,9-9L14.59,3.58,7,11.17,3.41,7.59Z"
                          />
                        </svg>
                      </div>
                    </span>
                    <div
                      class="truncate relative w-full h-full inline-block"
                    >
                      <span
                        class="w-60 w-60"
                      >
                        common.all
                      </span>
                    </div>
                  </label>
                </div>
              </div>
            </div>
          </div>
          <div>
            <div
              class="cursor-pointer flex flex-row justify-between items-center h-12"
            >
              <div
                class="subtitle"
              >
                tickets.filter.state
              </div>
              <div>
                <div
                  class=""
                >
                  <svg
                    class="cursor-pointer "
                    height="24"
                    viewBox="0 0 24 24"
                    width="24"
                    xmlns="http://www.w3.org/2000/svg"
                  >
                    <rect
                      fill="none"
                      height="24"
                      width="24"
                    />
                    <path
                      class="active-item-icon"
                      d="M7,14l1.273-1.273L2.545,7,8.273,1.273,7,0,0,7Z"
                      transform="translate(5 16.273) rotate(-90)"
                    />
                  </svg>
                </div>
              </div>
            </div>
            <div
              hidden=""
            >
              <div>
                <div
                  class="h-9"
                >
                  <label
                    class="flex flex-row items-center checkbox-button"
                  >
                    <input
                      checked=""
                      class="checkbox"
                      data-test-id="states-checkbox-0"
                      id="states[0]_0"
                      name="states[0]"
                      type="checkbox"
                    />
                    <span
                      class="checkbox-control"
                    >
                      <div
                        class=""
                      >
                        <svg
                          class="icon-medium "
                          height="24"
                          viewBox="0 0 24 24"
                          width="24"
                          xmlns="http://www.w3.org/2000/svg"
                        >
                          <rect
                            fill="none"
                            height="24"
                            width="24"
                          />
                          <path
                            class="svg-checkbox"
                            d="M16,18H2a2,2,0,0,1-2-2V2A2,2,0,0,1,2,0H16a2,2,0,0,1,2,2V16A2,2,0,0,1,16,18ZM3.41,7.59h0L2,9l5,5,9-9L14.59,3.58,7,11.17,3.41,7.59Z"
                          />
                        </svg>
                      </div>
                    </span>
                    <div
                      class="truncate relative w-full h-full inline-block"
                    >
                      <span
                        class="w-60 w-60"
                      >
                        common.all
                      </span>
                    </div>
                  </label>
                </div>
              </div>
            </div>
          </div>
          <div>
            <div
              class="cursor-pointer flex flex-row justify-between items-center h-12"
            >
              <div
                class="subtitle"
              >
                tickets.filter.time_period
              </div>
              <div>
                <div
                  class=""
                >
                  <svg
                    class="cursor-pointer "
                    height="24"
                    viewBox="0 0 24 24"
                    width="24"
                    xmlns="http://www.w3.org/2000/svg"
                  >
                    <rect
                      fill="none"
                      height="24"
                      width="24"
                    />
                    <path
                      class="active-item-icon"
                      d="M7,14l1.273-1.273L2.545,7,8.273,1.273,7,0,0,7Z"
                      transform="translate(5 16.273) rotate(-90)"
                    />
                  </svg>
                </div>
              </div>
            </div>
            <div
              hidden=""
            >
              <div
                class=""
              >
                <div
                  class="radio h-9 "
                >
                  <input
                    data-test-id="timePeriod-radio"
                    data-testid="timePeriod_1"
                    id="timePeriod_1"
                    name="timePeriod"
                    type="radio"
                    value="1"
                  />
                  <label
                    class="body2  truncate ticket-filter-radio"
                    for="timePeriod_1"
                  >
                    <div
                      class="truncate relative w-full h-full inline-block"
                    >
                      <span
                        class="body2 labelClassName"
                      >
                        tickets.filter.time_periods.today
                      </span>
                    </div>
                  </label>
                </div>
                <div
                  class="radio h-9 "
                >
                  <input
                    data-test-id="timePeriod-radio"
                    data-testid="timePeriod_2"
                    id="timePeriod_2"
                    name="timePeriod"
                    type="radio"
                    value="2"
                  />
                  <label
                    class="body2  truncate ticket-filter-radio"
                    for="timePeriod_2"
                  >
                    <div
                      class="truncate relative w-full h-full inline-block"
                    >
                      <span
                        class="body2 labelClassName"
                      >
                        tickets.filter.time_periods.last_7_days
                      </span>
                    </div>
                  </label>
                </div>
                <div
                  class="radio h-9 "
                >
                  <input
                    data-test-id="timePeriod-radio"
                    data-testid="timePeriod_3"
                    id="timePeriod_3"
                    name="timePeriod"
                    type="radio"
                    value="3"
                  />
                  <label
                    class="body2  truncate ticket-filter-radio"
                    for="timePeriod_3"
                  >
                    <div
                      class="truncate relative w-full h-full inline-block"
                    >
                      <span
                        class="body2 labelClassName"
                      >
                        tickets.filter.time_periods.last_30_days
                      </span>
                    </div>
                  </label>
                </div>
                <div
                  class="radio h-9 "
                >
                  <input
                    data-test-id="timePeriod-radio"
                    data-testid="timePeriod_4"
                    id="timePeriod_4"
                    name="timePeriod"
                    type="radio"
                    value="4"
                  />
                  <label
                    class="body2  truncate ticket-filter-radio"
                    for="timePeriod_4"
                  >
                    <div
                      class="truncate relative w-full h-full inline-block"
                    >
                      <span
                        class="body2 labelClassName"
                      >
                        tickets.filter.time_periods.date_range
                      </span>
                    </div>
                  </label>
                </div>
              </div>
              <div
                class="hidden"
              >
                <div
                  class="date-time-picker w-full flex flex-col h-20"
                >
                  <div
                    class="date-time-picker-container flex flex-wrap relative"
                  >
                    <input
                      autocomplete="off"
                      class="relative truncate flex-shrink flex-grow flex-auto leading-normal w-px pl-4 body2 input-pt h-14 cursor-pointer"
                      data-testid="fromDate"
                      max="2022-10-07"
                      min="0001-01-01"
                      name="fromDate"
                      readonly=""
                      type="text"
                      value=""
                    />
                    <label
                      class="absolute truncate"
                    >
                      <span
                        class="label-span body2"
                      >
                        tickets.filter.from_date
                      </span>
                    </label>
                    <div
                      class="input-addon px-3 pt-4"
                      role="button"
                    >
                      <div
                        class=""
                      >
                        <svg
                          class="icon-medium "
                          height="24"
                          viewBox="0 0 24 24"
                          width="24"
                          xmlns="http://www.w3.org/2000/svg"
                        >
                          <rect
                            fill="none"
                            height="24"
                            width="24"
                          />
                          <path
                            class="date-time-picker-arrow"
                            d="M7,14l1.273-1.273L2.545,7,8.273,1.273,7,0,0,7Z"
                            transform="translate(5 16.273) rotate(-90)"
                          />
                        </svg>
                      </div>
                    </div>
                  </div>
                </div>
                <div
                  class="date-time-picker w-full flex flex-col h-20 date-time-picker-disabled"
                >
                  <div
                    class="date-time-picker-container flex flex-wrap relative"
                  >
                    <input
                      autocomplete="off"
                      class="relative truncate flex-shrink flex-grow flex-auto leading-normal w-px pl-4 body2 input-pt h-14 cursor-pointer"
                      data-testid="toDate"
                      disabled=""
                      max="2022-10-07"
                      min="0001-01-01"
                      name="toDate"
                      readonly=""
                      type="text"
                      value=""
                    />
                    <label
                      class="absolute truncate"
                    >
                      <span
                        class="label-span body2"
                      >
                        tickets.filter.to_date
                      </span>
                    </label>
                    <div
                      class="input-addon px-3 pt-4"
                      role="button"
                    >
                      <div
                        class=""
                      >
                        <svg
                          class="icon-medium "
                          height="24"
                          viewBox="0 0 24 24"
                          width="24"
                          xmlns="http://www.w3.org/2000/svg"
                        >
                          <rect
                            fill="none"
                            height="24"
                            width="24"
                          />
                          <path
                            class="date-time-picker-arrow"
                            d="M7,14l1.273-1.273L2.545,7,8.273,1.273,7,0,0,7Z"
                            transform="translate(5 16.273) rotate(-90)"
                          />
                        </svg>
                      </div>
                    </div>
                  </div>
                </div>
              </div>
            </div>
          </div>
          <div>
            <div
              class="cursor-pointer flex flex-row justify-between items-center h-12"
            >
              <div
                class="subtitle"
              >
                tickets.filter.priority
              </div>
              <div>
                <div
                  class=""
                >
                  <svg
                    class="cursor-pointer "
                    height="24"
                    viewBox="0 0 24 24"
                    width="24"
                    xmlns="http://www.w3.org/2000/svg"
                  >
                    <rect
                      fill="none"
                      height="24"
                      width="24"
                    />
                    <path
                      class="active-item-icon"
                      d="M7,14l1.273-1.273L2.545,7,8.273,1.273,7,0,0,7Z"
                      transform="translate(5 16.273) rotate(-90)"
                    />
                  </svg>
                </div>
              </div>
            </div>
            <div
              hidden=""
            >
              <div
                class=""
              >
                <div
                  class="radio h-9 "
                >
                  <input
                    data-test-id="priority-radio"
                    data-testid="priority_0"
                    id="priority_0"
                    name="priority"
                    type="radio"
                    value="0"
                  />
                  <label
                    class="body2  truncate ticket-filter-radio"
                    for="priority_0"
                  >
                    <div
                      class="truncate relative w-full h-full inline-block"
                    >
                      <span
                        class="body2 labelClassName"
                      >
                        common.all
                      </span>
                    </div>
                  </label>
                </div>
              </div>
            </div>
          </div>
          <div>
            <div
              class="cursor-pointer flex flex-row justify-between items-center h-12"
            >
              <div
                class="subtitle"
              >
                tickets.filter.channel
              </div>
              <div>
                <div
                  class=""
                >
                  <svg
                    class="cursor-pointer "
                    height="24"
                    viewBox="0 0 24 24"
                    width="24"
                    xmlns="http://www.w3.org/2000/svg"
                  >
                    <rect
                      fill="none"
                      height="24"
                      width="24"
                    />
                    <path
                      class="active-item-icon"
                      d="M7,14l1.273-1.273L2.545,7,8.273,1.273,7,0,0,7Z"
                      transform="translate(5 16.273) rotate(-90)"
                    />
                  </svg>
                </div>
              </div>
            </div>
            <div
              hidden=""
            >
              <div>
                <div
                  class="h-9"
                >
                  <label
                    class="flex flex-row items-center checkbox-button"
                  >
                    <input
                      checked=""
                      class="checkbox"
                      data-test-id="channels-checkbox-0"
                      id="channels[0]_0"
                      name="channels[0]"
                      type="checkbox"
                    />
                    <span
                      class="checkbox-control"
                    >
                      <div
                        class=""
                      >
                        <svg
                          class="icon-medium "
                          height="24"
                          viewBox="0 0 24 24"
                          width="24"
                          xmlns="http://www.w3.org/2000/svg"
                        >
                          <rect
                            fill="none"
                            height="24"
                            width="24"
                          />
                          <path
                            class="svg-checkbox"
                            d="M16,18H2a2,2,0,0,1-2-2V2A2,2,0,0,1,2,0H16a2,2,0,0,1,2,2V16A2,2,0,0,1,16,18ZM3.41,7.59h0L2,9l5,5,9-9L14.59,3.58,7,11.17,3.41,7.59Z"
                          />
                        </svg>
                      </div>
                    </span>
                    <div
                      class="truncate relative w-full h-full inline-block"
                    >
                      <span
                        class="w-60 w-60"
                      >
                        common.all
                      </span>
                    </div>
                  </label>
                </div>
              </div>
            </div>
          </div>
          <div>
            <div
              class="cursor-pointer flex flex-row justify-between items-center h-12"
            >
              <div
                class="subtitle"
              >
                tickets.filter.ticket_type
              </div>
              <div>
                <div
                  class=""
                >
                  <svg
                    class="cursor-pointer "
                    height="24"
                    viewBox="0 0 24 24"
                    width="24"
                    xmlns="http://www.w3.org/2000/svg"
                  >
                    <rect
                      fill="none"
                      height="24"
                      width="24"
                    />
                    <path
                      class="active-item-icon"
                      d="M7,14l1.273-1.273L2.545,7,8.273,1.273,7,0,0,7Z"
                      transform="translate(5 16.273) rotate(-90)"
                    />
                  </svg>
                </div>
              </div>
            </div>
            <div
              hidden=""
            >
              <div>
                <div
                  class="h-9"
                >
                  <label
                    class="flex flex-row items-center checkbox-button"
                  >
                    <input
                      checked=""
                      class="checkbox"
                      data-test-id="ticketTypes-checkbox-0"
                      id="ticketTypes[0]_0"
                      name="ticketTypes[0]"
                      type="checkbox"
                    />
                    <span
                      class="checkbox-control"
                    >
                      <div
                        class=""
                      >
                        <svg
                          class="icon-medium "
                          height="24"
                          viewBox="0 0 24 24"
                          width="24"
                          xmlns="http://www.w3.org/2000/svg"
                        >
                          <rect
                            fill="none"
                            height="24"
                            width="24"
                          />
                          <path
                            class="svg-checkbox"
                            d="M16,18H2a2,2,0,0,1-2-2V2A2,2,0,0,1,2,0H16a2,2,0,0,1,2,2V16A2,2,0,0,1,16,18ZM3.41,7.59h0L2,9l5,5,9-9L14.59,3.58,7,11.17,3.41,7.59Z"
                          />
                        </svg>
                      </div>
                    </span>
                    <div
                      class="truncate relative w-full h-full inline-block"
                    >
                      <span
                        class="w-60 w-60"
                      >
                        common.all
                      </span>
                    </div>
                  </label>
                </div>
              </div>
            </div>
          </div>
          <div>
            <div
              class="cursor-pointer flex flex-row justify-between items-center h-12"
            >
              <div
                class="subtitle"
              >
                tickets.filter.reason
              </div>
              <div>
                <div
                  class=""
                >
                  <svg
                    class="cursor-pointer "
                    height="24"
                    viewBox="0 0 24 24"
                    width="24"
                    xmlns="http://www.w3.org/2000/svg"
                  >
                    <rect
                      fill="none"
                      height="24"
                      width="24"
                    />
                    <path
                      class="active-item-icon"
                      d="M7,14l1.273-1.273L2.545,7,8.273,1.273,7,0,0,7Z"
                      transform="translate(5 16.273) rotate(-90)"
                    />
                  </svg>
                </div>
              </div>
            </div>
            <div
              hidden=""
            >
              <div
                class=""
              >
                <div
                  class="radio h-9 "
                >
                  <input
                    data-test-id="reasons-radio"
                    data-testid="reasons_0"
                    id="reasons_0"
                    name="reasons"
                    type="radio"
                    value="0"
                  />
                  <label
                    class="body2  truncate ticket-filter-radio"
                    for="reasons_0"
                  >
                    <div
                      class="truncate relative w-full h-full inline-block"
                    >
                      <span
                        class="body2 labelClassName"
                      >
                        common.all
                      </span>
                    </div>
                  </label>
                </div>
              </div>
            </div>
          </div>
          <div>
            <div
              class="cursor-pointer flex flex-row justify-between items-center h-12"
            >
              <div
                class="subtitle"
              >
                tickets.filter.department
              </div>
              <div>
                <div
                  class=""
                >
                  <svg
                    class="cursor-pointer "
                    height="24"
                    viewBox="0 0 24 24"
                    width="24"
                    xmlns="http://www.w3.org/2000/svg"
                  >
                    <rect
                      fill="none"
                      height="24"
                      width="24"
                    />
                    <path
                      class="active-item-icon"
                      d="M7,14l1.273-1.273L2.545,7,8.273,1.273,7,0,0,7Z"
                      transform="translate(5 16.273) rotate(-90)"
                    />
                  </svg>
                </div>
              </div>
            </div>
            <div
              hidden=""
            >
              <div
                class=""
              >
                <div
                  class="radio h-9 "
                >
                  <input
                    data-test-id="department-radio"
                    data-testid="department_0"
                    id="department_0"
                    name="department"
                    type="radio"
                    value="0"
                  />
                  <label
                    class="body2  truncate ticket-filter-radio"
                    for="department_0"
                  >
                    <div
                      class="truncate relative w-full h-full inline-block"
                    >
                      <span
                        class="body2 labelClassName"
                      >
                        common.all
                      </span>
                    </div>
                  </label>
                </div>
              </div>
            </div>
          </div>
          <div>
            <div
              class="cursor-pointer flex flex-row justify-between items-center h-12"
            >
              <div
                class="subtitle"
              >
                tickets.filter.office_location
              </div>
              <div>
                <div
                  class=""
                >
                  <svg
                    class="cursor-pointer "
                    height="24"
                    viewBox="0 0 24 24"
                    width="24"
                    xmlns="http://www.w3.org/2000/svg"
                  >
                    <rect
                      fill="none"
                      height="24"
                      width="24"
                    />
                    <path
                      class="active-item-icon"
                      d="M7,14l1.273-1.273L2.545,7,8.273,1.273,7,0,0,7Z"
                      transform="translate(5 16.273) rotate(-90)"
                    />
                  </svg>
                </div>
              </div>
            </div>
            <div
              hidden=""
            >
              <div>
                <div
                  class="h-9"
                >
                  <label
                    class="flex flex-row items-center checkbox-button"
                  >
                    <input
                      checked=""
                      class="checkbox"
                      data-test-id="offices-checkbox-0"
                      id="offices[0]_0"
                      name="offices[0]"
                      type="checkbox"
                    />
                    <span
                      class="checkbox-control"
                    >
                      <div
                        class=""
                      >
                        <svg
                          class="icon-medium "
                          height="24"
                          viewBox="0 0 24 24"
                          width="24"
                          xmlns="http://www.w3.org/2000/svg"
                        >
                          <rect
                            fill="none"
                            height="24"
                            width="24"
                          />
                          <path
                            class="svg-checkbox"
                            d="M16,18H2a2,2,0,0,1-2-2V2A2,2,0,0,1,2,0H16a2,2,0,0,1,2,2V16A2,2,0,0,1,16,18ZM3.41,7.59h0L2,9l5,5,9-9L14.59,3.58,7,11.17,3.41,7.59Z"
                          />
                        </svg>
                      </div>
                    </span>
                    <div
                      class="truncate relative w-full h-full inline-block"
                    >
                      <span
                        class="w-60 w-60"
                      >
                        common.all
                      </span>
                    </div>
                  </label>
                </div>
              </div>
            </div>
          </div>
          <div>
            <div
              class="cursor-pointer flex flex-row justify-between items-center h-12"
            >
              <div
                class="subtitle"
              >
                tickets.filter.assigned_to
              </div>
              <div>
                <div
                  class=""
                >
                  <svg
                    class="cursor-pointer "
                    height="24"
                    viewBox="0 0 24 24"
                    width="24"
                    xmlns="http://www.w3.org/2000/svg"
                  >
                    <rect
                      fill="none"
                      height="24"
                      width="24"
                    />
                    <path
                      class="active-item-icon"
                      d="M7,14l1.273-1.273L2.545,7,8.273,1.273,7,0,0,7Z"
                      transform="translate(5 16.273) rotate(-90)"
                    />
                  </svg>
                </div>
              </div>
            </div>
            <div
              hidden=""
            >
              <div>
                <div
                  class="select-wrapper relative w-full flex flex-col h-20 "
                >
                  <div
                    class="select relative flex flex-col "
                  >
                    <input
                      autocomplete="on"
                      autocorrect="on"
                      class="pl-4 pr-8 body2 pt-2.5 h-10 relative truncate select-trigger activated  "
                      data-testid="assignedTo"
                      name="assignedTo"
                      spellcheck="true"
                      type="text"
                      value="common.all"
                    />
                    <div
                      class="absolute pt-3 right-4 "
                    >
                      <div
                        class="flex flex-row items-start"
                      >
                        <div
                          class="cursor-pointer"
                        >
                          <div
                            class=""
                          >
                            <svg
                              class="icon-medium "
                              height="24"
                              viewBox="0 0 24 24"
                              width="24"
                              xmlns="http://www.w3.org/2000/svg"
                            >
                              <rect
                                fill="none"
                                height="24"
                                width="24"
                              />
                              <path
                                class="select-arrow-fill"
                                d="M7,14l1.273-1.273L2.545,7,8.273,1.273,7,0,0,7Z"
                                transform="translate(5 16.273) rotate(-90)"
                              />
                            </svg>
                          </div>
                        </div>
                      </div>
                    </div>
                    <div
                      class="absolute py-2 options"
                    >
                      <div
                        class="w-full select-cell justify-between flex items-center  body2-white   is-selected  "
                      >
                        <div
                          class="flex flex-col justify-center w-full"
                          data-test-id="select-cell-icon-content"
                        >
                          <div
                            class="flex items-center pl-4"
                            data-test-id="select-cell-text-common.all"
                            data-testid="select-cell-text-common.all"
                          >
                            common.all
                          </div>
                        </div>
                      </div>
                      <div
                        class="w-full select-cell justify-between flex items-center  body2   cursor-pointer  "
                      >
                        <div
                          class="flex flex-col justify-center w-full"
                          data-test-id="select-cell-icon-content"
                        >
                          <div
                            class="flex items-center pl-4"
                            data-test-id="select-cell-text-last test"
                            data-testid="select-cell-text-last test"
                          >
                            last test
                          </div>
                        </div>
                      </div>
                    </div>
                  </div>
                </div>
              </div>
            </div>
          </div>
          <div>
            <div
              class="cursor-pointer flex flex-row justify-between items-center h-12"
            >
              <div
                class="subtitle"
              >
                tickets.filter.patient_ratings
              </div>
              <div>
                <div
                  class=""
                >
                  <svg
                    class="cursor-pointer "
                    height="24"
                    viewBox="0 0 24 24"
                    width="24"
                    xmlns="http://www.w3.org/2000/svg"
                  >
                    <rect
                      fill="none"
                      height="24"
                      width="24"
                    />
                    <path
                      class="active-item-icon"
                      d="M7,14l1.273-1.273L2.545,7,8.273,1.273,7,0,0,7Z"
                      transform="translate(5 16.273) rotate(-90)"
                    />
                  </svg>
                </div>
              </div>
            </div>
            <div
              hidden=""
            >
              <div>
                <div
                  class="h-9"
                >
                  <label
                    class="flex flex-row items-center checkbox-button"
                  >
                    <input
                      class="checkbox"
                      data-test-id="patientRating-checkbox-0"
                      id="patientRating[0]_0"
                      name="patientRating[0]"
                      type="checkbox"
                    />
                    <span
                      class="checkbox-control"
                    >
                      <div
                        class=""
                      >
                        <svg
                          class="icon-medium "
                          height="24"
                          viewBox="0 0 24 24"
                          width="24"
                          xmlns="http://www.w3.org/2000/svg"
                        >
                          <rect
                            fill="none"
                            height="24"
                            width="24"
                          />
                          <path
                            class="svg-checkbox"
                            d="M16,18H2a2,2,0,0,1-2-2V2A2,2,0,0,1,2,0H16a2,2,0,0,1,2,2V16A2,2,0,0,1,16,18ZM3.41,7.59h0L2,9l5,5,9-9L14.59,3.58,7,11.17,3.41,7.59Z"
                          />
                        </svg>
                      </div>
                    </span>
                    <div
                      class="truncate relative w-full h-full inline-block"
                    >
                      <span
                        class="w-60 w-60"
                      >
                        common.all
                      </span>
                    </div>
                  </label>
                </div>
                <div
                  class="h-9"
                >
                  <label
                    class="flex flex-row items-center checkbox-button"
                  >
                    <input
                      class="checkbox"
                      data-test-id="patientRating-checkbox-1"
                      id="patientRating[1]_1"
                      name="patientRating[1]"
                      type="checkbox"
                    />
                    <span
                      class="checkbox-control"
                    >
                      <div
                        class=""
                      >
                        <svg
                          class="icon-medium "
                          height="24"
                          viewBox="0 0 24 24"
                          width="24"
                          xmlns="http://www.w3.org/2000/svg"
                        >
                          <rect
                            fill="none"
                            height="24"
                            width="24"
                          />
                          <path
                            class="svg-checkbox"
                            d="M16,18H2a2,2,0,0,1-2-2V2A2,2,0,0,1,2,0H16a2,2,0,0,1,2,2V16A2,2,0,0,1,16,18ZM3.41,7.59h0L2,9l5,5,9-9L14.59,3.58,7,11.17,3.41,7.59Z"
                          />
                        </svg>
                      </div>
                    </span>
                    <div
                      class="truncate relative w-full h-full inline-block"
                    >
                      <span
                        class="w-60 w-60"
                      >
                        Happy
                      </span>
                    </div>
                  </label>
                </div>
              </div>
            </div>
          </div>
          <div>
            <div
              class="cursor-pointer flex flex-row justify-between items-center h-12"
            >
              <div
                class="subtitle"
              >
                tickets.filter.bot_ratings
              </div>
              <div>
                <div
                  class=""
                >
                  <svg
                    class="cursor-pointer "
                    height="24"
                    viewBox="0 0 24 24"
                    width="24"
                    xmlns="http://www.w3.org/2000/svg"
                  >
                    <rect
                      fill="none"
                      height="24"
                      width="24"
                    />
                    <path
                      class="active-item-icon"
                      d="M7,14l1.273-1.273L2.545,7,8.273,1.273,7,0,0,7Z"
                      transform="translate(5 16.273) rotate(-90)"
                    />
                  </svg>
                </div>
              </div>
            </div>
            <div
              hidden=""
            >
              <div>
                <div
                  class="h-9"
                >
                  <label
                    class="flex flex-row items-center checkbox-button"
                  >
                    <input
                      class="checkbox"
                      data-test-id="botRating-checkbox-0"
                      id="botRating[0]_0"
                      name="botRating[0]"
                      type="checkbox"
                    />
                    <span
                      class="checkbox-control"
                    >
                      <div
                        class=""
                      >
                        <svg
                          class="icon-medium "
                          height="24"
                          viewBox="0 0 24 24"
                          width="24"
                          xmlns="http://www.w3.org/2000/svg"
                        >
                          <rect
                            fill="none"
                            height="24"
                            width="24"
                          />
                          <path
                            class="svg-checkbox"
                            d="M16,18H2a2,2,0,0,1-2-2V2A2,2,0,0,1,2,0H16a2,2,0,0,1,2,2V16A2,2,0,0,1,16,18ZM3.41,7.59h0L2,9l5,5,9-9L14.59,3.58,7,11.17,3.41,7.59Z"
                          />
                        </svg>
                      </div>
                    </span>
                    <div
                      class="truncate relative w-full h-full inline-block"
                    >
                      <span
                        class="w-60 w-60"
                      >
                        common.all
                      </span>
                    </div>
                  </label>
                </div>
                <div
                  class="h-9"
                >
                  <label
                    class="flex flex-row items-center checkbox-button"
                  >
                    <input
                      class="checkbox"
                      data-test-id="botRating-checkbox-1"
                      id="botRating[1]_1"
                      name="botRating[1]"
                      type="checkbox"
                    />
                    <span
                      class="checkbox-control"
                    >
                      <div
                        class=""
                      >
                        <svg
                          class="icon-medium "
                          height="24"
                          viewBox="0 0 24 24"
                          width="24"
                          xmlns="http://www.w3.org/2000/svg"
                        >
                          <rect
                            fill="none"
                            height="24"
                            width="24"
                          />
                          <path
                            class="svg-checkbox"
                            d="M16,18H2a2,2,0,0,1-2-2V2A2,2,0,0,1,2,0H16a2,2,0,0,1,2,2V16A2,2,0,0,1,16,18ZM3.41,7.59h0L2,9l5,5,9-9L14.59,3.58,7,11.17,3.41,7.59Z"
                          />
                        </svg>
                      </div>
                    </span>
                    <div
                      class="truncate relative w-full h-full inline-block"
                    >
                      <span
                        class="w-60 w-60"
                      >
                        Happy
                      </span>
                    </div>
                  </label>
                </div>
              </div>
            </div>
          </div>
          <div>
            <div
              class="cursor-pointer flex flex-row justify-between items-center h-12"
            >
              <div
                class="subtitle"
              >
                tickets.filter.tags
              </div>
              <div>
                <div
                  class=""
                >
                  <svg
                    class="cursor-pointer "
                    height="24"
                    viewBox="0 0 24 24"
                    width="24"
                    xmlns="http://www.w3.org/2000/svg"
                  >
                    <rect
                      fill="none"
                      height="24"
                      width="24"
                    />
                    <path
                      class="active-item-icon"
                      d="M7,14l1.273-1.273L2.545,7,8.273,1.273,7,0,0,7Z"
                      transform="translate(5 16.273) rotate(-90)"
                    />
                  </svg>
                </div>
              </div>
            </div>
            <div
              hidden=""
            >
              <div
                class="flex flex-col"
              />
              <div>
                <div
                  class="relative h-10 w-full search-input-field flex items-center "
                >
                  <div
                    class="absolute pl-4"
                  >
                    <div
                      class=""
                    >
                      <svg
                        class="cursor-pointer icon-small "
                        height="16"
                        viewBox="0 0 16 16"
                        width="16"
                        xmlns="http://www.w3.org/2000/svg"
                      >
                        <rect
                          fill="none"
                          height="16"
                          width="16"
                        />
                        <path
                          class="search-icon-fill"
                          d="M12.7,11.23a6.777,6.777,0,0,0,1.4-4.174A7.02,7.02,0,0,0,7.1,0,7.105,7.105,0,0,0,0,7.056a7.105,7.105,0,0,0,7.1,7.056,6.667,6.667,0,0,0,4.2-1.391l3,2.981a.971.971,0,0,0,1.4,0,.957.957,0,0,0,0-1.391Zm-5.6.8A5.022,5.022,0,0,1,2,7.056a5.1,5.1,0,0,1,10.2,0A5.022,5.022,0,0,1,7.1,12.025Z"
                        />
                      </svg>
                    </div>
                  </div>
                  <input
                    autocomplete="off"
                    class="py-2.5 h-full w-full search-input-field body2 pl-12 border-b"
                    placeholder="tickets.search_tag"
                    type="text"
                    value=""
                  />
                  <div
                    class="search-input-field-options mb-2 hidden absolute block py-2 mt-0.5"
                  >
                    <div
                      class="w-full pt-2 text-center subtitle3-small"
                    >
                      common.empty_search_result
                    </div>
                  </div>
                </div>
              </div>
            </div>
          </div>
        </form>
      </div>
    </div>
    <div
      class="flex flex-col w-full h-full overflow-auto"
    >
      <div
        class="flex flex-row justify-between p-6 border-b"
      >
        <div
          class="relative pr-4"
        >
          <div
            class="relative flex flex-row items-center text-2xl font-bold cursor-pointer flex-nowrap"
          >
            <span
              class="select-none whitespace-nowrap"
            >
              tickets.my_tickets - 
            </span>
            <span
              class="px-4"
            >
              <div
                class=""
              >
                <svg
                  class="cursor-pointer "
                  height="24"
                  viewBox="0 0 24 24"
                  width="24"
                  xmlns="http://www.w3.org/2000/svg"
                >
                  <rect
                    fill="none"
                    height="24"
                    width="24"
                  />
                  <path
                    class="active-item-icon"
                    d="M7,14l1.273-1.273L2.545,7,8.273,1.273,7,0,0,7Z"
                    transform="translate(5 16.273) rotate(-90)"
                  />
                </svg>
              </div>
            </span>
          </div>
          <div />
        </div>
        <div
          class="flex flex-row"
        >
          <div
            class="pt-2 pr-8 text-sm text-gray-400"
          >
            <span>
              tickets.pagination
            </span>
          </div>
          <div
            class=""
          >
            <svg
              class="mt-1 cursor-pointer "
              height="24"
              viewBox="0 0 24 24"
              width="24"
              xmlns="http://www.w3.org/2000/svg"
            >
              <rect
                fill="none"
                height="24"
                transform="translate(0 24) rotate(-90)"
                width="24"
              />
              <path
                class="active-item-icon"
                d="M7,0,8.273,1.273,2.545,7l5.727,5.727L7,14,0,7Z"
                transform="translate(8 5)"
              />
            </svg>
          </div>
          <input
            class="ml-6 mr-6 text-center border rounded-md w-11"
            type="text"
            value="1"
          />
          <div
            class=""
          >
            <svg
              class="mt-1 cursor-pointer "
              data-testid="svg-icon"
              height="24"
              viewBox="0 0 24 24"
              width="24"
              xmlns="http://www.w3.org/2000/svg"
            >
              <rect
                fill="none"
                height="24"
                transform="translate(0 24) rotate(-90)"
                width="24"
              />
              <path
                class="active-item-icon"
                d="M7,0,8.273,1.273,2.545,7l5.727,5.727L7,14,0,7Z"
                transform="translate(16.272 19) rotate(180)"
              />
            </svg>
          </div>
        </div>
      </div>
      <div
        class="flex flex-row border-b ticket-search-bar box-content"
      >
        <div
          class="pr-6 pl-5 border-r flex flex-row items-center"
        >
          <div
            class="relative"
          >
            <div
              class="mr-6 cursor-pointer icon-medium"
            >
              <svg
                class="icon-medium "
                height="24"
                viewBox="0 0 24 24"
                width="24"
                xmlns="http://www.w3.org/2000/svg"
              >
                <rect
                  fill="none"
                  height="24"
                  width="24"
                />
                <path
                  class="filter-icon"
                  d="M10,18h4V16H10ZM3,6V8H21V6Zm3,7H18V11H6Z"
                />
              </svg>
            </div>
          </div>
          <div
            class="flex flex-row space-x-4"
          >
            <button
              class="small-button"
              type="button"
            >
              <div
                class="flex flex-row justify-center items-center space-x-2"
              >
                <div
                  class="w-6 flex"
                >
                  <div
                    class=""
                  >
                    <svg
                      class="icon-medium "
                      viewBox="0 0 24 24"
                      xmlns="http://www.w3.org/2000/svg"
                    >
                      <rect
                        fill="none"
                      />
                      <path
                        class="enabled-icon-fill"
                        d="M19,13H13v6H11V13H5V11h6V5h2v6h6Z"
                      />
                    </svg>
                  </div>
                </div>
                <div>
                  tickets.new
                </div>
              </div>
            </button>
            <button
              class="small-button"
              disabled=""
              type="button"
            >
              <div
                class="flex flex-row justify-center items-center space-x-2"
              >
                <div>
                  tickets.assign
                </div>
              </div>
            </button>
            <button
              class="small-button"
              type="button"
            >
              <div
                class="flex flex-row justify-center items-center space-x-2"
              >
                <div
                  class="w-6 flex"
                >
                  <div
                    class=""
                  >
                    <svg
                      class="icon-medium "
                      height="24"
                      viewBox="0 0 24 24"
                      width="24"
                      xmlns="http://www.w3.org/2000/svg"
                    >
                      <rect
                        fill="none"
                        height="24"
                        width="24"
                      />
                      <path
                        class="enabled-icon-fill"
                        d="M19,9H15V3H9V9H5l7,7ZM5,18v2H19V18Z"
                        transform="translate(0 1)"
                      />
                    </svg>
                  </div>
                </div>
                <div>
                  tickets.export
                </div>
              </div>
            </button>
          </div>
        </div>
        <div
          class="relative h-10 w-full search-input-field flex items-center relative w-full h-full"
        >
          <div
            class="absolute pl-4"
          >
            <div
              class=""
            >
              <svg
                class="cursor-pointer icon-small "
                height="16"
                viewBox="0 0 16 16"
                width="16"
                xmlns="http://www.w3.org/2000/svg"
              >
                <rect
                  fill="none"
                  height="16"
                  width="16"
                />
                <path
                  class="search-icon-fill"
                  d="M12.7,11.23a6.777,6.777,0,0,0,1.4-4.174A7.02,7.02,0,0,0,7.1,0,7.105,7.105,0,0,0,0,7.056a7.105,7.105,0,0,0,7.1,7.056,6.667,6.667,0,0,0,4.2-1.391l3,2.981a.971.971,0,0,0,1.4,0,.957.957,0,0,0,0-1.391Zm-5.6.8A5.022,5.022,0,0,1,2,7.056a5.1,5.1,0,0,1,10.2,0A5.022,5.022,0,0,1,7.1,12.025Z"
                />
              </svg>
            </div>
          </div>
          <input
            autocomplete="off"
            class="py-2.5 h-full w-full search-input-field body2 border-b-0 pl-12"
            placeholder="common.search"
            type="text"
            value=""
          />
        </div>
      </div>
      <div
        class="overflow-scroll"
      >
        <div
          class="ticket-list-container"
        >
          <div
            class="flex flex-row items-center content-center w-full h-12 py-4 bg-gray-100 auto-cols-min px-7 body2-medium"
          >
            <div
              class="uppercase flex items-center w-1/24 "
            />
            <div
              class="uppercase flex items-center w-1/24 mr-2 "
            >
              tickets.channel
            </div>
            <div
              class="uppercase flex items-center w-2/24 mr-2 flex justify-center cursor-pointer"
            >
              tickets.id
            </div>
            <div
              class="uppercase flex items-center w-2/24 mr-2 "
            >
              tickets.subject
            </div>
            <div
              class="uppercase flex items-center w-1/24 mr-2 cursor-pointer"
            >
              tickets.due_in
            </div>
            <div
              class="uppercase flex items-center w-2/24 mr-2 cursor-pointer"
            >
              <div>
                tickets.created_on
              </div>
            </div>
            <div
              class="uppercase flex items-center w-3/24 mr-2 cursor-pointer"
            >
              <div>
                tickets.status
              </div>
            </div>
            <div
              class="uppercase flex items-center w-2/24 mr-2 flex items-center justify-start "
            >
              tickets.priority_label
            </div>
            <div
              class="uppercase flex items-center w-2/24 mr-2 truncate "
            >
              tickets.type
            </div>
            <div
              class="uppercase flex items-center w-2/24 mr-2 flex justify-start "
            >
              tickets.reason
            </div>
            <div
              class="uppercase flex items-center w-3/24 mr-2 "
            >
              tickets.assigned_to
            </div>
            <div
              class="uppercase flex items-center w-1/24 mr-2 flex justify-center "
            >
              tickets.rating
            </div>
            <div
              class="uppercase flex items-center w-1/24 "
            />
          </div>
          <div
            class="flex flex-row w-full auto-cols-max body2 border-b hover:bg-gray-100 px-7 items-center h-20 py-3.5 group"
          >
            <div
              class="w-1/24"
            >
              <div
                class="h-9 pt-2"
              >
                <label
                  class="flex flex-row items-center checkbox-button"
                >
                  <input
                    class="checkbox"
                    id="123-check_123"
                    name="123-check"
                    type="checkbox"
                  />
                  <span
                    class="checkbox-control"
                  >
                    <div
                      class=""
                    >
                      <svg
                        class="icon-medium "
                        height="24"
                        viewBox="0 0 24 24"
                        width="24"
                        xmlns="http://www.w3.org/2000/svg"
                      >
                        <rect
                          fill="none"
                          height="24"
                          width="24"
                        />
                        <path
                          class="svg-checkbox"
                          d="M16,18H2a2,2,0,0,1-2-2V2A2,2,0,0,1,2,0H16a2,2,0,0,1,2,2V16A2,2,0,0,1,16,18ZM3.41,7.59h0L2,9l5,5,9-9L14.59,3.58,7,11.17,3.41,7.59Z"
                        />
                      </svg>
                    </div>
                  </span>
                  <div
                    class="truncate relative w-full h-full inline-block"
                  >
                    <span
                      class="w-60 w-60"
                    />
                  </div>
                </label>
              </div>
            </div>
            <div
              class="w-1/24 mr-2 flex justify-center"
            >
              <a
                href="/tickets/undefined"
              >
                <div
                  class=""
                >
                  <svg
                    class="icon-x-large "
                    height="48"
                    viewBox="0 0 48 48"
                    width="48"
                    xmlns="http://www.w3.org/2000/svg"
                  >
                    <rect
                      fill="none"
                      height="48"
                      width="48"
                    />
                    <g
                      class="channel-icon-stroke"
                      fill="none"
                      transform="translate(4 4)"
                    >
                      <circle
                        cx="20"
                        cy="20"
                        r="20"
                        stroke="none"
                      />
                      <circle
                        cx="20"
                        cy="20"
                        fill="none"
                        r="19.5"
                      />
                    </g>
                    <g
                      transform="translate(12 12)"
                    >
                      <rect
                        fill="none"
                        height="24"
                        width="24"
                      />
                      <path
                        class="channel-icon-fill"
                        d="M18.464,44.3a4.781,4.781,0,0,0,1.528-3.409c0-2.777-2.656-5.072-6.117-5.482A7.5,7.5,0,0,0,7.215,32C3.226,32-.007,34.486-.007,37.555a4.793,4.793,0,0,0,1.528,3.409A9.09,9.09,0,0,1,.212,42.87.8.8,0,0,0,.8,44.224a7.98,7.98,0,0,0,4.347-1.347,9.894,9.894,0,0,0,.986.17,7.481,7.481,0,0,0,6.642,3.4,9.19,9.19,0,0,0,2.076-.236,8,8,0,0,0,4.347,1.347.8.8,0,0,0,.583-1.354A8.848,8.848,0,0,1,18.464,44.3Zm-13.637-3.2-.594.385a7.064,7.064,0,0,1-1.5.743c.094-.163.187-.337.278-.514l.538-1.08-.861-.851A3.183,3.183,0,0,1,1.66,37.555c0-2.107,2.545-3.888,5.555-3.888s5.555,1.781,5.555,3.888-2.545,3.888-5.555,3.888a7.565,7.565,0,0,1-1.7-.194l-.687-.156ZM17.294,43.11l-.858.847.538,1.08c.09.177.184.351.278.514a7.065,7.065,0,0,1-1.5-.743l-.594-.385-.691.16a7.565,7.565,0,0,1-1.7.194,6.46,6.46,0,0,1-4.558-1.725c3.517-.375,6.225-2.687,6.225-5.5,0-.118-.014-.233-.024-.347,2.236.5,3.913,1.972,3.913,3.68A3.183,3.183,0,0,1,17.294,43.11Z"
                        transform="translate(2.007 -28)"
                      />
                    </g>
                  </svg>
                </div>
              </a>
            </div>
            <div
              class="w-2/24 mr-2 flex justify-center"
            >
              <a
                href="/tickets/undefined"
              />
            </div>
            <div
              class="w-2/24 mr-2 body2"
            >
              <a
                href="/tickets/undefined"
              >
                <div
                  class="truncate relative w-full h-full"
                >
                  <span
                    class="truncate"
                  >
                    tickets.no_subject
                  </span>
                </div>
              </a>
            </div>
            <div
              class="w-1/24 mr-2 body3"
            >
              <div>
                <a
                  href="/tickets/undefined"
                >
                  <span
                    class="body3-small"
                  />
                </a>
              </div>
            </div>
            <div
              class="w-2/24 mr-2 created-date"
            >
              <a
                href="/tickets/undefined"
              >
                <div
                  class="truncate relative w-full h-full"
                >
                  <span
                    class="body3-small truncate"
                  >
                    Oct 10, 2022 12:00 AM
                  </span>
                </div>
              </a>
            </div>
            <div
              class="w-3/24 mr-2 h-full"
            >
              <div
                class="flex items-center h-full col-span-2"
              >
                <div
                  class="flex flex-row items-center cursor-pointer"
                >
                  <div>
                    <svg
                      fill="none"
                      height="10"
                      viewBox="0 0 10 10"
                      width="10"
                      xmlns="http://www.w3.org/2000/svg"
                    >
                      <g
                        data-name="Status indicator"
                      >
                        <circle
                          cx="5"
                          cy="5"
                          r="4"
                          stroke="none"
                        />
                      </g>
                    </svg>
                  </div>
                  <div
                    class="pl-3"
                  />
                  <div
                    class="pl-3"
                  >
                    <div
                      class=""
                    >
                      <svg
                        class="icon-medium "
                        height="24"
                        viewBox="0 0 24 24"
                        width="24"
                        xmlns="http://www.w3.org/2000/svg"
                      >
                        <rect
                          fill="none"
                          height="24"
                          width="24"
                        />
                        <path
                          class="active-item-icon"
                          d="M7,14l1.273-1.273L2.545,7,8.273,1.273,7,0,0,7Z"
                          transform="translate(5 16.273) rotate(-90)"
                        />
                      </svg>
                    </div>
                  </div>
                </div>
                <div
                  class="z-10 hidden"
                  style="position: fixed; left: 0px; top: 0px;"
                >
                  <div
                    class="py-2 bg-white dropdown-body"
                    data-test-id="dropdown-undefined"
                    data-testid="dropdown-undefined"
                  >
                    <div
                      class="overflow-y-auto overflow-x-hidden dropdown-max-height "
                    >
                      <span>
                        <div
                          class="w-full px-4 dropdown-cell justify-between flex items-center  body2    cursor-pointer "
                          data-testid="tickets.statuses.1"
                        >
                          <div
                            class="flex flex-row w-full items-center"
                            data-test-id="dropdown-cell-icon-content"
                          >
                            <div
                              class="flex items-center "
                              data-test-id="dropdown-cell-text-tickets.statuses.1"
                            >
                              tickets.statuses.1
                            </div>
                          </div>
                        </div>
                      </span>
                      <span>
                        <div
                          class="w-full px-4 dropdown-cell justify-between flex items-center  body2    cursor-pointer "
                          data-testid="tickets.statuses.2"
                        >
                          <div
                            class="flex flex-row w-full items-center"
                            data-test-id="dropdown-cell-icon-content"
                          >
                            <div
                              class="flex items-center "
                              data-test-id="dropdown-cell-text-tickets.statuses.2"
                            >
                              tickets.statuses.2
                            </div>
                          </div>
                        </div>
                      </span>
                      <span>
                        <div
                          class="w-full px-4 dropdown-cell justify-between flex items-center  body2    cursor-pointer "
                          data-testid="tickets.statuses.3"
                        >
                          <div
                            class="flex flex-row w-full items-center"
                            data-test-id="dropdown-cell-icon-content"
                          >
                            <div
                              class="flex items-center "
                              data-test-id="dropdown-cell-text-tickets.statuses.3"
                            >
                              tickets.statuses.3
                            </div>
                          </div>
                        </div>
                      </span>
                      <span>
                        <div
                          class="w-full px-4 dropdown-cell justify-between flex items-center  body2    cursor-pointer "
                          data-testid="tickets.statuses.4"
                        >
                          <div
                            class="flex flex-row w-full items-center"
                            data-test-id="dropdown-cell-icon-content"
                          >
                            <div
                              class="flex items-center "
                              data-test-id="dropdown-cell-text-tickets.statuses.4"
                            >
                              tickets.statuses.4
                            </div>
                          </div>
                        </div>
                      </span>
                      <span>
                        <div
                          class="w-full px-4 dropdown-cell justify-between flex items-center  body2    cursor-pointer "
                          data-testid="tickets.statuses.5"
                        >
                          <div
                            class="flex flex-row w-full items-center"
                            data-test-id="dropdown-cell-icon-content"
                          >
                            <div
                              class="flex items-center "
                              data-test-id="dropdown-cell-text-tickets.statuses.5"
                            >
                              tickets.statuses.5
                            </div>
                          </div>
                        </div>
                      </span>
                    </div>
                  </div>
                </div>
              </div>
            </div>
            <div
              class="w-2/24 mr-2 flex items-center justify-start"
            >
              <a
                href="/tickets/undefined"
              />
            </div>
            <div
              class="w-2/24 mr-2 max-w-xs"
            >
              <a
                href="/tickets/undefined"
              >
                <div
                  class="truncate relative w-full h-full"
                >
                  <span
                    class="truncate"
                  />
                </div>
              </a>
            </div>
            <div
              class="w-2/24 items-center justify-start mr-2"
            >
              <a
                href="/tickets/undefined"
              >
                <div
                  class="truncate relative w-full h-full"
                >
                  <span
                    class="truncate"
                  />
                </div>
              </a>
            </div>
            <div
              class="w-3/24 mr-2"
            >
              <div
                class="col-span-2 flex items-center"
              >
                <div
                  class="flex items-center"
                >
                  <div
                    class="flex flex-row items-center cursor-pointer w-min"
                  >
                    <div>
                      tickets.unassigned
                    </div>
                    <div
                      class="pl-3"
                    >
                      <div
                        class=""
                      >
                        <svg
                          class="cursor-pointer "
                          height="24"
                          viewBox="0 0 24 24"
                          width="24"
                          xmlns="http://www.w3.org/2000/svg"
                        >
                          <rect
                            fill="none"
                            height="24"
                            width="24"
                          />
                          <path
                            class="active-item-icon"
                            d="M7,14l1.273-1.273L2.545,7,8.273,1.273,7,0,0,7Z"
                            transform="translate(5 16.273) rotate(-90)"
                          />
                        </svg>
                      </div>
                    </div>
                  </div>
                </div>
                <div
                  class="absolute z-10 w-48 hidden"
                  style="position: fixed; left: 0px; top: 0px;"
                >
                  <div
                    class="py-2 bg-white dropdown-body"
                    data-test-id="dropdown-undefined"
                    data-testid="dropdown-undefined"
                  >
                    <div
                      class="relative h-10 w-full search-input-field flex items-center "
                    >
                      <div
                        class="absolute pl-4"
                      >
                        <div
                          class=""
                        >
                          <svg
                            class="cursor-pointer icon-small "
                            height="16"
                            viewBox="0 0 16 16"
                            width="16"
                            xmlns="http://www.w3.org/2000/svg"
                          >
                            <rect
                              fill="none"
                              height="16"
                              width="16"
                            />
                            <path
                              class="search-icon-fill"
                              d="M12.7,11.23a6.777,6.777,0,0,0,1.4-4.174A7.02,7.02,0,0,0,7.1,0,7.105,7.105,0,0,0,0,7.056a7.105,7.105,0,0,0,7.1,7.056,6.667,6.667,0,0,0,4.2-1.391l3,2.981a.971.971,0,0,0,1.4,0,.957.957,0,0,0,0-1.391Zm-5.6.8A5.022,5.022,0,0,1,2,7.056a5.1,5.1,0,0,1,10.2,0A5.022,5.022,0,0,1,7.1,12.025Z"
                            />
                          </svg>
                        </div>
                      </div>
                      <input
                        autocomplete="off"
                        class="py-2.5 h-full w-full search-input-field body2 pl-12 border-b"
                        placeholder="common.search"
                        type="text"
                        value=""
                      />
                    </div>
                    <div
                      class="overflow-y-auto overflow-x-hidden dropdown-max-height "
                    />
                  </div>
                </div>
              </div>
            </div>
            <div
              class="w-1/24"
            >
              <div
                class="flex flex-col items-center justify-center mr-2"
              />
            </div>
            <div
              class="w-1/24"
            >
              <div
                class="flex justify-center"
              >
                <div>
                  <div
                    class="relative flex flex-row items-center cursor-pointer flex-nowrap"
                  >
                    <div
                      class=""
                    >
                      <svg
                        class="opacity-0 group-hover:opacity-100 "
                        height="24"
                        viewBox="0 0 24 24"
                        width="24"
                        xmlns="http://www.w3.org/2000/svg"
                      >
                        <g
                          transform="translate(-416 -52)"
                        >
                          <rect
                            fill="none"
                            height="24"
                            transform="translate(416 52)"
                            width="24"
                          />
                          <path
                            class="fill-default"
                            d="M12,8a2,2,0,1,0-2-2A2.006,2.006,0,0,0,12,8Zm0,2a2,2,0,1,0,2,2A2.006,2.006,0,0,0,12,10Zm0,6a2,2,0,1,0,2,2A2.006,2.006,0,0,0,12,16Z"
                            transform="translate(416 52)"
                          />
                        </g>
                      </svg>
                    </div>
                  </div>
                  <div
                    class="absolute z-10 more-menu-shadow hidden"
                    style="position: fixed; left: 0px; top: 0px;"
                  >
                    <div
                      class="py-2 bg-white dropdown-body"
                      data-test-id="dropdown-undefined"
                      data-testid="dropdown-undefined"
                    >
                      <div
                        class="overflow-y-auto overflow-x-hidden dropdown-max-height "
                      >
                        <span>
                          <div
                            class="w-full px-4 dropdown-cell justify-between flex items-center  body2    cursor-pointer "
                            data-testid="tickets.ticket_list_actions.ticket_details"
                          >
                            <div
                              class="flex flex-row w-full items-center"
                              data-test-id="dropdown-cell-icon-content"
                            >
                              <div
                                class="mr-2 dropdown-cell-icon flex justify-center items-center"
                                data-test-id="dropdown-cell-icon"
                              >
                                <div
                                  class=""
                                >
                                  <svg
                                    class="icon-medium "
                                    height="24"
                                    viewBox="0 0 24 24"
                                    width="24"
                                    xmlns="http://www.w3.org/2000/svg"
                                  >
                                    <rect
                                      fill="none"
                                      height="24"
                                      width="24"
                                    />
                                    <path
                                      class="rgba-062-fill"
                                      d="M15.561,7.061,8.939.439A1.5,1.5,0,0,0,7.879,0H1.5A1.5,1.5,0,0,0,0,1.5V7.879A1.5,1.5,0,0,0,.439,8.939l6.621,6.621a1.5,1.5,0,0,0,2.121,0l6.379-6.379a1.5,1.5,0,0,0,0-2.121ZM3.5,5A1.5,1.5,0,1,1,5,3.5,1.5,1.5,0,0,1,3.5,5ZM19.561,9.182l-6.379,6.379a1.5,1.5,0,0,1-2.121,0l-.011-.011,5.439-5.439a2.813,2.813,0,0,0,0-3.978L10.356,0h1.523a1.5,1.5,0,0,1,1.061.439l6.621,6.621a1.5,1.5,0,0,1,0,2.121Z"
                                      transform="translate(2 4)"
                                    />
                                  </svg>
                                </div>
                              </div>
                              <div
                                class="flex items-center "
                                data-test-id="dropdown-cell-text-tickets.ticket_list_actions.ticket_details"
                              >
                                tickets.ticket_list_actions.ticket_details
                              </div>
                            </div>
                          </div>
                        </span>
                      </div>
                    </div>
                  </div>
                </div>
              </div>
            </div>
          </div>
        </div>
      </div>
    </div>
  </div>
</DocumentFragment>
`;
