// Jest Snapshot v1, https://goo.gl/fbAQLP

exports[`AddNewContact tests renders AddNewContact correctly 1`] = `
<DocumentFragment>
  <div
    class="h-full w-full overflow-y-auto px-8 pt-7 flex flex-col"
  >
    <div
      class="flex justify-between items-center mb-10"
    >
      <h4>
        contacts.new-contact.header
      </h4>
      <div
        class="flex items-center"
      >
        <div
          class="pr-6"
        >
          <div
            class=""
          >
            <svg
              class="cursor-pointer "
              height="24"
              viewBox="0 0 24 24"
              width="24"
              xmlns="http://www.w3.org/2000/svg"
            >
              <g
                transform="translate(-941 -212)"
              >
                <rect
                  fill="none"
                  height="24"
                  transform="translate(941 212)"
                  width="24"
                />
                <path
                  class="contact-header-quick-action-color"
                  d="M12,17.27,18.18,21l-1.64-7.03L22,9.24l-7.19-.61L12,2,9.19,8.63,2,9.24l5.46,4.73L5.82,21Z"
                  transform="translate(941 213)"
                />
              </g>
            </svg>
          </div>
        </div>
      </div>
    </div>
    <div
      class="body2 mb-6 pointer-events-none"
    >
      contacts.new-contact.select_type
    </div>
    <div
      class="flex space-x-8"
    >
      <div
        class="radio h-9 "
      >
        <input
          data-testid="new-contact-type_1"
          id="new-contact-type_1"
          name="new-contact-type"
          type="radio"
          value="1"
        />
        <label
          class="body2  "
          for="new-contact-type_1"
        >
          <div
            class="truncate relative w-full h-full inline-block"
          >
            <span
              class="body2"
            >
              contacts.new-contact.company
            </span>
          </div>
        </label>
      </div>
      <div
        class="radio h-9 "
      >
        <input
          checked=""
          data-testid="new-contact-type_2"
          id="new-contact-type_2"
          name="new-contact-type"
          type="radio"
          value="2"
        />
        <label
          class="body2  "
          for="new-contact-type_2"
        >
          <div
            class="truncate relative w-full h-full inline-block"
          >
            <span
              class="body2"
            >
              contacts.new-contact.individual
            </span>
          </div>
        </label>
      </div>
    </div>
    <div
      class="flex flex-col relative "
    >
      <form
        novalidate=""
      >
        <div
          class="grid grid-cols-1 lg:grid-cols-12 gap-x-8"
        >
          <div
            class="col-span-12 lg:col-span-5"
          >
            <div
              class="flex flex-col h-20 input-group"
            >
              <div
                class="input-group-container flex flex-wrap items-stretch w-full relative  "
              >
                <input
                  autocomplete="off"
                  class=" pt-6 body2 h-14 flex-shrink flex-grow flex-auto leading-normal w-px flex-1 input-date-mask pl-4"
                  data-test-id="contact-first-name"
                  data-testid="firstName"
                  name="firstName"
                  placeholder=""
                  required=""
                  type="text"
                  value=""
                />
                <label
                  class="absolute truncate required body2 "
                >
                  contacts.contact_details.individual.first_name
                </label>
              </div>
            </div>
          </div>
          <div
            class="col-span-12 lg:col-span-5"
          >
            <div
              class="flex flex-col h-20 input-group"
            >
              <div
                class="input-group-container flex flex-wrap items-stretch w-full relative  "
              >
                <input
                  autocomplete="off"
                  class=" pt-6 body2 h-14 flex-shrink flex-grow flex-auto leading-normal w-px flex-1 input-date-mask pl-4"
                  data-test-id="contact-last-name"
                  data-testid="lastName"
                  name="lastName"
                  placeholder=""
                  required=""
                  type="text"
                  value=""
                />
                <label
                  class="absolute truncate required body2 "
                >
                  contacts.contact_details.individual.last_name
                </label>
              </div>
            </div>
          </div>
          <div
            class="col-span-12 lg:col-span-5"
          >
            <div
              class="flex flex-col h-20 input-group"
            >
              <div
                class="input-group-container flex flex-wrap items-stretch w-full relative  "
              >
                <input
                  autocomplete="off"
                  class=" pt-6 body2 h-14 flex-shrink flex-grow flex-auto leading-normal w-px flex-1 input-date-mask pl-4"
                  data-test-id="contact-company-name"
                  data-testid="companyName"
                  name="companyName"
                  placeholder=""
                  type="text"
                  value=""
                />
                <label
                  class="absolute truncate  body2 "
                >
                  contacts.contact_details.individual.company
                </label>
              </div>
            </div>
          </div>
          <div
            class="col-span-12 lg:col-span-5"
          >
            <div
              class="select-wrapper relative w-full flex flex-col h-20 "
            >
              <div
                class="select relative flex flex-col "
              >
                <input
                  autocomplete="nope"
                  autocorrect="off"
                  class="pl-4 pr-8 body2 select-trigger-pt h-14 relative truncate select-trigger   "
                  data-testid="category"
                  name="category"
                  readonly=""
                  spellcheck="false"
                  type="text"
                  value=""
                />
                <label
                  class="select-label absolute truncate"
                >
                  <span
                    class="text-danger"
                  >
                    *
                  </span>
                  <span
                    class="select-label-span body2"
                  >
                    contacts.contact_details.individual.category
                  </span>
                </label>
                <div
                  class="absolute pt-4 right-4 "
                >
                  <div
                    class="flex flex-row items-start"
                  >
                    <div
                      class="cursor-pointer"
                    >
                      <div
                        class=""
                      >
                        <svg
                          class="icon-medium "
                          height="24"
                          viewBox="0 0 24 24"
                          width="24"
                          xmlns="http://www.w3.org/2000/svg"
                        >
                          <rect
                            fill="none"
                            height="24"
                            width="24"
                          />
                          <path
                            class="select-arrow-fill"
                            d="M7,14l1.273-1.273L2.545,7,8.273,1.273,7,0,0,7Z"
                            transform="translate(5 16.273) rotate(-90)"
                          />
                        </svg>
                      </div>
                    </div>
                  </div>
                </div>
                <div
                  class="absolute py-2 options"
                >
                  <div
                    class="w-full pt-2 text-center subtitle3-small"
                  >
                    common.autocomplete_search
                  </div>
                </div>
              </div>
            </div>
          </div>
          <div
            class="col-span-12 lg:col-span-5"
          >
            <div
              class="flex flex-col h-20 input-group"
            >
              <div
                class="input-group-container flex flex-wrap items-stretch w-full relative  "
              >
                <input
                  autocomplete="off"
                  class=" pt-6 body2 h-14 flex-shrink flex-grow flex-auto leading-normal w-px flex-1 input-date-mask pl-4"
                  data-test-id="contact-job-title"
                  data-testid="jobTitle"
                  name="jobTitle"
                  placeholder=""
                  type="text"
                  value=""
                />
                <label
                  class="absolute truncate  body2 "
                >
                  contacts.contact_details.individual.job_title
                </label>
              </div>
            </div>
          </div>
          <div
            class="col-span-12 lg:col-span-5"
          >
            <div
              class="flex flex-col h-20 input-group"
            >
              <div
                class="input-group-container flex flex-wrap items-stretch w-full relative  "
              >
                <input
                  autocomplete="off"
                  class=" pt-6 body2 h-14 flex-shrink flex-grow flex-auto leading-normal w-px flex-1 input-date-mask pl-4"
                  data-test-id="contact-department"
                  data-testid="department"
                  name="department"
                  placeholder=""
                  type="text"
                  value=""
                />
                <label
                  class="absolute truncate  body2 "
                >
                  contacts.contact_details.individual.department
                </label>
              </div>
            </div>
          </div>
          <div
            class="col-span-12 lg:col-span-5"
          >
            <div
              class="flex flex-col h-20 input-group"
            >
              <div
                class="input-group-container flex flex-wrap items-stretch w-full relative  "
              >
                <input
                  autocomplete="off"
                  class=" pt-6 body2 h-14 flex-shrink flex-grow flex-auto leading-normal w-px flex-1 input-date-mask pl-4"
                  data-test-id="contact-email"
                  data-testid="email"
                  name="email"
                  placeholder=""
                  type="email"
                  value=""
                />
                <label
                  class="absolute truncate  body2 "
                >
                  contacts.contact_details.individual.email
                </label>
              </div>
            </div>
          </div>
          <div
            class="col-span-12 lg:col-span-3"
          >
            <div
              class="flex flex-col h-20 input-group"
            >
              <div
                class="input-group-container flex flex-wrap items-stretch w-full relative  "
              >
                <input
                  autocomplete="off"
                  class=" pt-6 body2 h-14 flex-shrink flex-grow flex-auto leading-normal w-px flex-1 input-date-mask pl-4"
                  data-test-id="contact-work-main-phone"
                  data-testid="workMainPhone"
                  name="workMainPhone"
                  placeholder=""
                  type="tel"
                  value=""
                />
                <label
                  class="absolute truncate  body2 "
                >
                  contacts.contact_details.individual.work_main_phone
                </label>
              </div>
            </div>
          </div>
          <div
            class="col-span-12 lg:col-span-2"
          >
            <div
              class="flex flex-col h-20 input-group"
            >
              <div
                class="input-group-container flex flex-wrap items-stretch w-full relative  "
              >
                <input
                  autocomplete="off"
                  class=" pt-6 body2 h-14 flex-shrink flex-grow flex-auto leading-normal w-px flex-1 input-date-mask pl-4"
                  data-test-id="contact-work-main-extension"
                  data-testid="workMainExtension"
                  name="workMainExtension"
                  placeholder=""
                  type="number"
                  value=""
                />
                <label
                  class="absolute truncate  body2 "
                >
                  contacts.contact_details.individual.extension
                </label>
              </div>
            </div>
          </div>
          <div
            class="col-span-12 lg:col-span-5"
          >
            <div
              class="flex flex-col h-20 input-group"
            >
              <div
                class="input-group-container flex flex-wrap items-stretch w-full relative  "
              >
                <input
                  autocomplete="off"
                  class=" pt-6 body2 h-14 flex-shrink flex-grow flex-auto leading-normal w-px flex-1 input-date-mask pl-4"
                  data-test-id="contact-work_direct_phone"
                  data-testid="workDirectPhone"
                  name="workDirectPhone"
                  placeholder=""
                  type="tel"
                  value=""
                />
                <label
                  class="absolute truncate  body2 "
                >
                  contacts.contact_details.individual.work_direct_phone
                </label>
              </div>
            </div>
          </div>
          <div
            class="col-span-12 lg:col-span-5"
          >
            <div
              class="flex flex-col h-20 input-group"
            >
              <div
                class="input-group-container flex flex-wrap items-stretch w-full relative  "
              >
                <input
                  autocomplete="off"
                  class=" pt-6 body2 h-14 flex-shrink flex-grow flex-auto leading-normal w-px flex-1 input-date-mask pl-4"
                  data-test-id="contact-mobile"
                  data-testid="mobile"
                  name="mobile"
                  placeholder=""
                  type="tel"
                  value=""
                />
                <label
                  class="absolute truncate  body2 "
                >
                  contacts.contact_details.individual.mobile
                </label>
              </div>
            </div>
          </div>
          <div
            class="col-span-12 lg:col-span-5"
          >
            <div
              class="flex flex-col h-20 input-group"
            >
              <div
                class="input-group-container flex flex-wrap items-stretch w-full relative  "
              >
                <input
                  autocomplete="off"
                  class=" pt-6 body2 h-14 flex-shrink flex-grow flex-auto leading-normal w-px flex-1 input-date-mask pl-4"
                  data-test-id="contact-fax"
                  data-testid="fax"
                  name="fax"
                  placeholder=""
                  type="tel"
                  value=""
                />
                <label
                  class="absolute truncate  body2 "
                >
                  contacts.contact_details.individual.fax
                </label>
              </div>
            </div>
          </div>
          <div
            class="col-span-12 lg:col-span-5"
          >
            <div
              class="flex flex-col h-20 input-group"
            >
              <div
                class="input-group-container flex flex-wrap items-stretch w-full relative  "
              >
                <input
                  autocomplete="off"
                  class=" pt-6 body2 h-14 flex-shrink flex-grow flex-auto leading-normal w-px flex-1 input-date-mask pl-4"
                  data-test-id="contact-website"
                  data-testid="website"
                  name="website"
                  placeholder=""
                  type="website"
                  value=""
                />
                <label
                  class="absolute truncate  body2 "
                >
                  contacts.contact_details.individual.website
                </label>
              </div>
            </div>
          </div>
        </div>
        <div
          class="h-10 flex items-center mt-4 mb-2"
        >
          contacts.contact_details.individual.address
        </div>
        <div
          class="grid grid-cols-1 lg:grid-cols-12 gap-x-8"
        >
          <div
            class="col-span-12 lg:col-span-5"
          >
            <div
              class="flex flex-col h-20 input-group"
            >
              <div
                class="input-group-container flex flex-wrap items-stretch w-full relative  "
              >
                <input
                  autocomplete="off"
                  class=" pt-6 body2 h-14 flex-shrink flex-grow flex-auto leading-normal w-px flex-1 input-date-mask pl-4"
                  data-test-id="contact-primary-address-line"
                  data-testid="primaryAddressLine"
                  name="primaryAddressLine"
                  placeholder=""
                  type="text"
                  value=""
                />
                <label
                  class="absolute truncate  body2 "
                >
                  contacts.contact_details.individual.address
                </label>
              </div>
            </div>
          </div>
          <div
            class="col-span-12 lg:col-span-5"
          >
            <div
              class="flex flex-col h-20 input-group"
            >
              <div
                class="input-group-container flex flex-wrap items-stretch w-full relative  "
              >
                <input
                  autocomplete="off"
                  class=" pt-6 body2 h-14 flex-shrink flex-grow flex-auto leading-normal w-px flex-1 input-date-mask pl-4"
                  data-test-id="contactprimary-address-apt"
                  data-testid="primaryApt"
                  name="primaryApt"
                  placeholder=""
                  type="text"
                  value=""
                />
                <label
                  class="absolute truncate  body2 "
                >
                  contacts.contact_details.individual.apt
                </label>
              </div>
            </div>
          </div>
          <div
            class="col-span-12 lg:col-span-5"
          >
            <div
              class="flex flex-col h-20 input-group"
            >
              <div
                class="input-group-container flex flex-wrap items-stretch w-full relative  "
              >
                <input
                  autocomplete="off"
                  class=" pt-6 body2 h-14 flex-shrink flex-grow flex-auto leading-normal w-px flex-1 input-date-mask pl-4"
                  data-test-id="contact-primary-address-city"
                  data-testid="primaryCity"
                  name="primaryCity"
                  placeholder=""
                  type="text"
                  value=""
                />
                <label
                  class="absolute truncate  body2 "
                >
                  contacts.contact_details.individual.city
                </label>
              </div>
            </div>
          </div>
          <div
            class="col-span-12 lg:col-span-3"
          >
            <div
              class="select-wrapper relative w-full flex flex-col h-20 "
            >
              <div
                class="select relative flex flex-col "
              >
                <input
                  autocomplete="nope"
                  autocorrect="off"
                  class="pl-4 pr-8 body2 select-trigger-pt h-14 relative truncate select-trigger   "
                  data-testid="primaryState"
                  name="primaryState"
                  readonly=""
                  spellcheck="false"
                  type="text"
                  value=""
                />
                <label
                  class="select-label absolute truncate"
                >
                  <span
                    class="select-label-span body2"
                  >
                    contacts.contact_details.individual.state
                  </span>
                </label>
                <div
                  class="absolute pt-4 right-4 "
                >
                  <div
                    class="flex flex-row items-start"
                  >
                    <div
                      class="cursor-pointer"
                    >
                      <div
                        class=""
                      >
                        <svg
                          class="icon-medium "
                          height="24"
                          viewBox="0 0 24 24"
                          width="24"
                          xmlns="http://www.w3.org/2000/svg"
                        >
                          <rect
                            fill="none"
                            height="24"
                            width="24"
                          />
                          <path
                            class="select-arrow-fill"
                            d="M7,14l1.273-1.273L2.545,7,8.273,1.273,7,0,0,7Z"
                            transform="translate(5 16.273) rotate(-90)"
                          />
                        </svg>
                      </div>
                    </div>
                  </div>
                </div>
                <div
                  class="absolute py-2 options"
                >
                  <div
                    class="w-full pt-2 text-center subtitle3-small"
                  >
                    common.autocomplete_search
                  </div>
                </div>
              </div>
            </div>
          </div>
          <div
            class="col-span-12 lg:col-span-2"
          >
            <div
              class="flex flex-col h-20 input-group"
            >
              <div
                class="input-group-container flex flex-wrap items-stretch w-full relative  "
              >
                <input
                  autocomplete="off"
                  class=" pt-6 body2 h-14 flex-shrink flex-grow flex-auto leading-normal w-px flex-1 input-date-mask pl-4"
                  data-test-id="contact-primary-zip-code"
                  data-testid="primaryZipCode"
                  maxlength="5"
                  name="primaryZipCode"
                  placeholder=""
                  type="text"
                  value=""
                />
                <label
                  class="absolute truncate  body2 "
                >
                  contacts.contact_details.individual.zip_code
                </label>
              </div>
            </div>
          </div>
        </div>
        <div
          class="relative py-2.5 cursor-pointer"
        >
          <div
            class="flex items-center"
          >
            <div
              class=""
            >
              <svg
                class="icon-medium "
                viewBox="0 0 24 24"
                xmlns="http://www.w3.org/2000/svg"
              >
                <rect
                  fill="none"
                />
                <path
                  class="fill-default"
                  d="M19,13H13v6H11V13H5V11h6V5h2v6h6Z"
                />
              </svg>
            </div>
            <span
              class="body2 pl-2 contact-accent-color"
            >
              contacts.new-contact.add_more
            </span>
          </div>
        </div>
        <div
          class="grid grid-cols-1 lg:grid-cols-12 gap-x-8"
        >
          <div
            class="col-span-12 lg:col-span-10"
          >
            <div
              class="flex items-center justify-center h-20 mb-4 full-w"
            >
              <button
                class="secondary-button h-10 secondary-contact-form-btn mr-8"
                type="button"
              >
                <div
                  class="flex flex-row justify-center items-center space-x-2"
                >
                  <div>
                    common.cancel
                  </div>
                </div>
              </button>
              <button
                class="medium-button"
                disabled=""
                type="submit"
              >
                <div
                  class="flex flex-row justify-center items-center space-x-2"
                >
                  <div>
                    common.save
                  </div>
                </div>
              </button>
            </div>
          </div>
        </div>
      </form>
      <div
        class="flex items-center justify-center m-auto justify-self-center"
      />
    </div>
  </div>
</DocumentFragment>
`;
